// Jest Snapshot v1, https://goo.gl/fbAQLP

exports[`<Button /> Deve ser igual ao snapshot salvo anteriormente quando o bot√£o for renderizado 1`] = `
<button
  class="black"
>
  likewise toward firm
</button>
`;
